// Jest Snapshot v1, https://goo.gl/fbAQLP

exports[`WelcomePage should render correctly 1`] = `
<main-layout-stub class="m-welcome-page">
  <h1>Welcome</h1>
  <p>
    For guide and recipes on how to configure / customize this project,<br>
    check out the
    <a href="https://cli.vuejs.org" target="_blank" rel="noopener">vue-cli documentation</a>.
  </p>
  <p>
    <m-button-stub type="button" skin="primary" iconposition="left" iconsize="12px">
      <m-icon-stub name="edit" size="1em"></m-icon-stub> Modul button
    </m-button-stub>
  </p>
  <p>
    <m-accordion-group-stub skin="default" class="m-u--margin-top">
      <m-accordion-stub skin="default" iconposition="left" iconsize="large" padding="true" paddingheader="true" paddingbody="true">
        <h2 class="m-u--no-margin">Titre 1</h2>
        Contenu de l'accordéon 1
      </m-accordion-stub>
      <m-accordion-stub skin="default" iconposition="left" iconsize="large" padding="true" paddingheader="true" paddingbody="true">
        <h2 class="m-u--no-margin">Titre 2</h2>
        Contenu de l'accordéon 2
      </m-accordion-stub>
      <m-accordion-stub skin="default" iconposition="left" iconsize="large" padding="true" paddingheader="true" paddingbody="true">
        <h2 class="m-u--no-margin">Titre 3</h2>
        Contenu de l'accordéon 3
      </m-accordion-stub>
      <m-accordion-stub skin="default" iconposition="left" iconsize="large" padding="true" paddingheader="true" paddingbody="true">
        <h2 class="m-u--no-margin">Titre 4</h2>
        Contenu de l'accordéon 4
      </m-accordion-stub>
    </m-accordion-group-stub>
  </p>
</main-layout-stub>
`;
